

  File "c:\python27\lib\site-packages\cx_Freeze\initscripts\Console.py", line 27, in <module>
  File "PySylic.py", line 176, in <module>
  File "C:\Users\Cedrick\Documents\Developp\pySyLiC\src\Principal.py", line 30, in <module>
  File "C:\Users\Cedrick\Documents\Developp\pySyLiC\src\CedWidgets.py", line 1431, in <module>
  File "c:\python27\lib\site-packages\matplotlib\mathtext.py", line 60, in <module>
  File "ExtensionLoader_matplotlib__png.py", line 22, in <module>
  File "ExtensionLoader_matplotlib__png.py", line 21, in __bootstrap__

Type :  <type 'exceptions.ImportError'> 

ValueError :  No module named None
Error in atexit._run_exitfuncs:
Traceback (most recent call last):
  File "c:\python27\lib\atexit.py", line 24, in _run_exitfuncs
  File "C:\Users\Cedrick\Documents\Developp\pySyLiC\src\Error.py", line 79, in SendBugReport
  File "c:\python27\lib\site-packages\wx-3.0-msw\wx\_windows.py", line 3631, in __init__
PyNoAppError: The wx.App object must be created first!
Error in sys.exitfunc:


  File "c:\python27\lib\atexit.py", line 24, in _run_exitfuncs
  File "C:\Users\Cedrick\Documents\Developp\pySyLiC\src\Error.py", line 79, in SendBugReport
  File "c:\python27\lib\site-packages\wx-3.0-msw\wx\_windows.py", line 3631, in __init__

Type :  <class 'wx._core.PyNoAppError'> 

ValueError :  The wx.App object must be created first!
Exception KeyError: KeyError(19108,) in <module 'threading' from 'C:\pySyLiC_0.39.0_win32_portable\bin\library.zip\threading.pyc'> ignored
